exports[`test Navbar renders correctly 1`] = `
<nav
  className="navbar navbar-default navbar-fixed-top">
  <div
    className="container-fluid">
    <div
      className="navbar-header">
      <img
        className="navbar-brand"
        src="/static/logo.svg" />
      <button
        className="navbar-toggle collapsed"
        onClick={[Function]}
        type="button">
        <span
          className="sr-only">
          Toggle navigation
        </span>
        <span
          className="icon-bar" />
        <span
          className="icon-bar" />
        <span
          className="icon-bar" />
      </button>
    </div>
    <div
      aria-expanded={null}
      className="navbar-collapse collapse">
      <ul
        className="nav navbar-nav navbar-right"
        role={null}>
        <li
          className=""
          role="presentation"
          style={undefined}>
          <a
            action="push"
            href="#"
            onClick={[Function]}
            role="button">
            Home
          </a>
        </li>
        <li
          className=""
          role="presentation"
          style={undefined}>
          <a
            action="push"
            href="#"
            onClick={[Function]}
            role="button">
            Sign In
          </a>
        </li>
      </ul>
    </div>
  </div>
</nav>
`;
